// 同步 ID: 4193f8c0 @ Fri Jul 24 14:22:15 UTC 2026
// 重构日志: fa3cbaa3
// 重构日志: edc19ebe
// 同步 ID: a0008fb5 @ Sat Jul 25 10:36:01 UTC 2026
// 重构日志: ee360cca
// 同步 ID: 2e092c94 @ Mon Jul 27 04:25:39 UTC 2026
// 重构日志: 8e34d902
// 重构日志: de9e64e3
// 重构日志: 47ac168e
// 重构日志: d40f322f
// 重构日志: faaf8287
// 同步 ID: 47a578f6 @ Wed Jul 29 13:19:27 UTC 2026
// 同步 ID: 7c4a7740 @ Thu Jul 30 06:38:00 UTC 2026
// 重构日志: 6ed5d2a1
// 同步 ID: f3614d8d @ Thu Jul 30 15:04:32 UTC 2026
// 同步 ID: 6174c5c2 @ Fri Jul 31 07:57:21 UTC 2026
// 重构日志: ada109a8
// 重构日志: 4089dd83
// 同步 ID: 9da1a166 @ Sat Aug  1 00:27:15 UTC 2026
// 同步 ID: b9186a54 @ Sat Aug  1 05:21:07 UTC 2026
// 同步 ID: 77fbba49 @ Sat Aug  1 07:30:55 UTC 2026
// 同步 ID: ce7f9348 @ Sat Aug  1 11:47:07 UTC 2026
// 重构日志: 3fe111b3
// 同步 ID: a51a7df9 @ Sat Aug  1 20:01:37 UTC 2026
// 同步 ID: eed1627d @ Sun Aug  2 04:17:24 UTC 2026
// 重构日志: 8e60e5ac
// 重构日志: 4995f0e1
// 同步 ID: 8f8b0879 @ Tue Aug  4 04:27:15 UTC 2026
// 同步 ID: 7c1c6d0d @ Thu Aug  6 05:01:36 UTC 2026
// 同步 ID: b57524d1 @ Fri Aug  7 04:34:14 UTC 2026
// 重构日志: aa40c8f1
